=== python3 -m unittest discover -s tests/drawing-workspace -p 'test_evidence_pdf.py' -v
test_air_channels_source_and_exclusion_history (test_evidence_pdf.EvidencePdfTests.test_air_channels_source_and_exclusion_history) ... ok
test_drift_and_empty_scope_stay_explicit (test_evidence_pdf.EvidencePdfTests.test_drift_and_empty_scope_stay_explicit) ... ok
test_duct_current_stale_and_mixed_match_frozen_rows (test_evidence_pdf.EvidencePdfTests.test_duct_current_stale_and_mixed_match_frozen_rows) ... ok
test_equipment_channels_correction_schedule_and_stale_source (test_evidence_pdf.EvidencePdfTests.test_equipment_channels_correction_schedule_and_stale_source) ... ok

----------------------------------------------------------------------
Ran 4 tests in 0.274s

OK
exit:0
=== python3 -m unittest discover -s tests/drawing-workspace -p 'test_takeoff_workbook.py' -v
test_air_unknown_purchase_and_coverage_remain_unknown (test_takeoff_workbook.ConnectedWorkbookTests.test_air_unknown_purchase_and_coverage_remain_unknown) ... ok
test_correction_recalculates_and_preserves_original_response (test_takeoff_workbook.ConnectedWorkbookTests.test_correction_recalculates_and_preserves_original_response) ... ok
test_generic_manual_count_cannot_complete_deterministic_air_device_scope (test_takeoff_workbook.ConnectedWorkbookTests.test_generic_manual_count_cannot_complete_deterministic_air_device_scope) ... ok
test_read_count_review_reopen_export_and_duplicate_replay (test_takeoff_workbook.ConnectedWorkbookTests.test_read_count_review_reopen_export_and_duplicate_replay) ... ok
test_saved_air_device_readings_cannot_be_hidden_by_removing_scope (test_takeoff_workbook.ConnectedWorkbookTests.test_saved_air_device_readings_cannot_be_hidden_by_removing_scope) ... ok
test_static_air_device_asset_and_package_policy_closure (test_takeoff_workbook.ConnectedWorkbookTests.test_static_air_device_asset_and_package_policy_closure) ... ok
test_xlsx_in_export_tracks_correction_and_reopening (test_takeoff_workbook.ConnectedWorkbookTests.test_xlsx_in_export_tracks_correction_and_reopening) ... ok
test_current_core_totals_and_history_are_separate (test_takeoff_workbook.ProjectionTests.test_current_core_totals_and_history_are_separate) ... ok
test_mixed_work_status_keeps_group_totals_and_unknown_scope (test_takeoff_workbook.ProjectionTests.test_mixed_work_status_keeps_group_totals_and_unknown_scope) ... ok
test_no_calculation_is_unavailable_not_zero (test_takeoff_workbook.ProjectionTests.test_no_calculation_is_unavailable_not_zero) ... ok
test_rejects_quantity_drift_missing_generation_source_and_precision (test_takeoff_workbook.ProjectionTests.test_rejects_quantity_drift_missing_generation_source_and_precision) ... ok
test_rounding_integer_bounds_and_ties (test_takeoff_workbook.ProjectionTests.test_rounding_integer_bounds_and_ties) ... ok
test_stale_preserves_history_but_only_current_contributes (test_takeoff_workbook.ProjectionTests.test_stale_preserves_history_but_only_current_contributes) ... ok

----------------------------------------------------------------------
Ran 13 tests in 0.717s

OK
exit:0
=== python3 -m unittest discover -s tests/drawing-workspace -p 'test_takeoff_workflow.py' -v
test_actual_http_routes_store_records_export_and_enforce_origin (test_takeoff_workflow.WorkflowTests.test_actual_http_routes_store_records_export_and_enforce_origin) ... ok
test_calibration_is_required_and_view_bounds_are_enforced (test_takeoff_workflow.WorkflowTests.test_calibration_is_required_and_view_bounds_are_enforced) ... ok
test_complete_saved_project_flow_has_real_records_and_draft_export (test_takeoff_workflow.WorkflowTests.test_complete_saved_project_flow_has_real_records_and_draft_export) ... ok
test_corrupt_workflow_and_unverified_original_block_reopen_or_export (test_takeoff_workflow.WorkflowTests.test_corrupt_workflow_and_unverified_original_block_reopen_or_export) ... ok
test_edits_preserve_history_reject_stale_version_and_reopen_review (test_takeoff_workflow.WorkflowTests.test_edits_preserve_history_reject_stale_version_and_reopen_review) ... ok
test_equipment_review_changes_invalidate_only_dependent_stage_review (test_takeoff_workflow.WorkflowTests.test_equipment_review_changes_invalidate_only_dependent_stage_review) ... ok
test_explicit_allowance_review_stays_separate_and_reopens_after_correction (test_takeoff_workflow.WorkflowTests.test_explicit_allowance_review_stays_separate_and_reopens_after_correction) ... ok
test_issue_resolution_preserves_prior_state_and_csv_formula_is_escaped (test_takeoff_workflow.WorkflowTests.test_issue_resolution_preserves_prior_state_and_csv_formula_is_escaped) ... ok
test_linked_measurement_cannot_be_reassigned_to_another_page_or_scope (test_takeoff_workflow.WorkflowTests.test_linked_measurement_cannot_be_reassigned_to_another_page_or_scope) ... ok
test_navigation_never_claims_completion_and_persists_without_documents (test_takeoff_workflow.WorkflowTests.test_navigation_never_claims_completion_and_persists_without_documents) ... ok
test_scope_review_cannot_hide_existing_records_and_corrections_are_audited (test_takeoff_workflow.WorkflowTests.test_scope_review_cannot_hide_existing_records_and_corrections_are_audited) ... ok
test_unknown_quantity_stays_unknown_and_blocks_scope_review (test_takeoff_workflow.WorkflowTests.test_unknown_quantity_stays_unknown_and_blocks_scope_review) ... ok

----------------------------------------------------------------------
Ran 12 tests in 0.682s

OK
exit:0
=== python3 -m unittest discover -s tests/drawing-workspace -p 'test_workspace_package.py' -v
test_build_relocates_exact_required_closure_and_keeps_data_outside (test_workspace_package.WorkspacePackageTests.test_build_relocates_exact_required_closure_and_keeps_data_outside) ... ok
test_case_variant_injection_is_not_accepted_as_os_metadata (test_workspace_package.WorkspacePackageTests.test_case_variant_injection_is_not_accepted_as_os_metadata) ... ok
test_changed_payload_gets_different_package_identity (test_workspace_package.WorkspacePackageTests.test_changed_payload_gets_different_package_identity) ... ok
test_cli_builds_and_verifies_without_running_application (test_workspace_package.WorkspacePackageTests.test_cli_builds_and_verifies_without_running_application) ... ok
test_copy_failure_keeps_evidence_and_never_publishes_manifest (test_workspace_package.WorkspacePackageTests.test_copy_failure_keeps_evidence_and_never_publishes_manifest) ... ok
test_existing_output_and_archive_are_never_overwritten (test_workspace_package.WorkspacePackageTests.test_existing_output_and_archive_are_never_overwritten) ... ok
test_identical_payloads_have_identical_manifest_and_zip_bytes (test_workspace_package.WorkspacePackageTests.test_identical_payloads_have_identical_manifest_and_zip_bytes) ... ok
test_manifest_cannot_declare_traversal_or_injected_files (test_workspace_package.WorkspacePackageTests.test_manifest_cannot_declare_traversal_or_injected_files) ... ok
test_missing_changed_and_injected_code_are_rejected (test_workspace_package.WorkspacePackageTests.test_missing_changed_and_injected_code_are_rejected) ... ok
test_noncanonical_duplicate_and_oversize_manifests_reject (test_workspace_package.WorkspacePackageTests.test_noncanonical_duplicate_and_oversize_manifests_reject) ... ok
test_only_named_regular_os_metadata_is_ignored (test_workspace_package.WorkspacePackageTests.test_only_named_regular_os_metadata_is_ignored) ... ok
test_output_and_archive_paths_cannot_alias_each_other (test_workspace_package.WorkspacePackageTests.test_output_and_archive_paths_cannot_alias_each_other) ... ok
test_oversized_payload_is_rejected_before_copy (test_workspace_package.WorkspacePackageTests.test_oversized_payload_is_rejected_before_copy) ... ok
test_package_symlink_and_manifest_symlink_are_rejected (test_workspace_package.WorkspacePackageTests.test_package_symlink_and_manifest_symlink_are_rejected) ... ok
test_source_change_during_copy_leaves_incomplete_output_without_manifest (test_workspace_package.WorkspacePackageTests.test_source_change_during_copy_leaves_incomplete_output_without_manifest) ... ok
test_source_symlink_and_symlinked_parent_are_rejected (test_workspace_package.WorkspacePackageTests.test_source_symlink_and_symlinked_parent_are_rejected) ... ok
test_total_byte_budget_rejects_before_output_publication (test_workspace_package.WorkspacePackageTests.test_total_byte_budget_rejects_before_output_publication) ... ok
test_windows_reparse_attribute_rejects_payload_file_and_directory (test_workspace_package.WorkspacePackageTests.test_windows_reparse_attribute_rejects_payload_file_and_directory) ... ok

----------------------------------------------------------------------
Ran 18 tests in 1.565s

OK
exit:0
=== python3 -m unittest discover -s tests/drawing-workspace -p 'test_equipment_count_workflow.py' -v
test_correct_reopen_replay_and_export_preserve_prior_counts (test_equipment_count_workflow.EquipmentCountWorkflowTests.test_correct_reopen_replay_and_export_preserve_prior_counts) ... ok
test_count_only_scope_needs_no_unrelated_scale_or_length (test_equipment_count_workflow.EquipmentCountWorkflowTests.test_count_only_scope_needs_no_unrelated_scale_or_length) ... ok
test_excel_rows_match_channels_and_reject_projection_drift (test_equipment_count_workflow.EquipmentCountWorkflowTests.test_excel_rows_match_channels_and_reject_projection_drift) ... ok
test_http_save_requires_origin_and_current_version_and_serves_review_asset (test_equipment_count_workflow.EquipmentCountWorkflowTests.test_http_save_requires_origin_and_current_version_and_serves_review_asset) ... ok
test_no_physical_review_and_generic_items_cannot_finish_equipment_scope (test_equipment_count_workflow.EquipmentCountWorkflowTests.test_no_physical_review_and_generic_items_cannot_finish_equipment_scope) ... ok
test_schedule_conflict_exports_declared_and_physical_counts_separately (test_equipment_count_workflow.EquipmentCountWorkflowTests.test_schedule_conflict_exports_declared_and_physical_counts_separately) ... ok
test_source_role_change_blocks_only_affected_physical_rows (test_equipment_count_workflow.EquipmentCountWorkflowTests.test_source_role_change_blocks_only_affected_physical_rows) ... ok
test_stale_generation_and_scope_removal_do_not_change_saved_state (test_equipment_count_workflow.EquipmentCountWorkflowTests.test_stale_generation_and_scope_removal_do_not_change_saved_state) ... ok

----------------------------------------------------------------------
Ran 8 tests in 0.268s

OK
exit:0
=== python3 -m unittest discover -s tests/drawing-workspace -p 'test_air_device_workflow.py' -v
test_correction_recalculates_and_preserves_original_response (test_air_device_workflow.AirDeviceWorkflowTests.test_correction_recalculates_and_preserves_original_response) ... ok
test_generic_manual_count_cannot_complete_deterministic_air_device_scope (test_air_device_workflow.AirDeviceWorkflowTests.test_generic_manual_count_cannot_complete_deterministic_air_device_scope) ... ok
test_read_count_review_reopen_export_and_duplicate_replay (test_air_device_workflow.AirDeviceWorkflowTests.test_read_count_review_reopen_export_and_duplicate_replay) ... ok
test_saved_air_device_readings_cannot_be_hidden_by_removing_scope (test_air_device_workflow.AirDeviceWorkflowTests.test_saved_air_device_readings_cannot_be_hidden_by_removing_scope) ... ok
test_static_air_device_asset_and_package_policy_closure (test_air_device_workflow.AirDeviceWorkflowTests.test_static_air_device_asset_and_package_policy_closure) ... ok

----------------------------------------------------------------------
Ran 5 tests in 0.397s

OK
exit:0
=== qlmanage -t -s 1200 -o /tmp/heleos-evidence-pdf /tmp/heleos-evidence-pdf/duct-current.pdf
sandbox initialization failed: Operation not permitted
exit:255
=== swift /tmp/heleos-evidence-pdf/inspect.swift /tmp/heleos-evidence-pdf/duct-current.pdf /tmp/heleos-evidence-pdf/pages
pages 8
page 0 bytes 25100 px 612.0x792.0 links 0
page 1 bytes 20548 px 612.0x792.0 links 2
page 2 bytes 12912 px 612.0x792.0 links 0
page 3 bytes 12990 px 612.0x792.0 links 0
page 4 bytes 12913 px 612.0x792.0 links 0
page 5 bytes 24231 px 612.0x792.0 links 0
page 6 bytes 17364 px 612.0x792.0 links 0
page 7 bytes 21568 px 612.0x792.0 links 0
TEXT_START
PAGE summary
TITLE Heleos consolidated evidence PDF
CONTRACT EVIDENCE-PDF-1 v1
PROJECT Original workbook fixture
SNAPSHOT draft; regenerate after correction; PDF edits do not update Heleos
SCOPE class=duct known_ft=12.00 complete_ft=12.00 unit=ft
SCOPE class=air-device known_each=NOT AVAILABLE complete_each=NOT AVAILABLE unit=each
SCOPE class=equipment known_each=NOT AVAILABLE complete_each=NOT AVAILABLE unit=each
SCOPE class=other-division-23 known=NOT AVAILABLE complete=NOT AVAILABLE state=outstanding
PAGE duct
ROW class=duct row=A-1 state=current meters=2.438400 feet=8.00 stored_meters=2.438400
dest=SRC-duct-A-1
ROW class=duct row=A-2 state=current meters=1.219200 feet=4.00 stored_meters=1.219200
dest=SRC-duct-A-2
GROUP class=duct size=18x12 work_status=new_install known_ft=4.00 complete_ft=4.00
GROUP class=duct size=24x12 work_status=new_install known_ft=8.00 complete_ft=8.00
PAGE air
ROW class=air-device none
PAGE equipment
ROW class=equipment none
PAGE declarations
DECLARATION none
PAGE sources
DEST SRC-duct-A-1
class=duct label=A-1
revision=aaaaaaaaaaaaaaaaaaaaaaaaaaaaaaaaaaaaaaaaaaaaaaaaaaaaaaaaaaaaaaaa
page=1
sheet=bbbbbbbbbbbbbbbbbbbbbbbbbbbbbbbbbbbbbbbbbbbbbbbbbbbbbbbbbbbbbbbb
geometry=528f53e1766808599630fbd46d046ce533633f1a0e7170a49953291ff23225d7
region=0.100000,0.200000,0.300000,0.200000
DEST SRC-duct-A-2
class=duct label=A-2
revision=aaaaaaaaaaaaaaaaaaaaaaaaaaaaaaaaaaaaaaaaaaaaaaaaaaaaaaaaaaaaaaaa
page=1
sheet=bbbbbbbbbbbbbbbbbbbbbbbbbbbbbbbbbbbbbbbbbbbbbbbbbbbbbbbbbbbbbbbb
geometry=528f53e1766808599630fbd46d046ce533633f1a0e7170a49953291ff23225d7
region=0.300000,0.200000,0.400000,0.200000
PAGE history
HISTORY class=duct id=current relation=current known_ft=12.00 complete_ft=12.00
HISTORY class=duct id=old relation=superseded known_ft=999.00 complete_ft=999.00
HISTORY class=air-device none
HISTORY class=equipment none
PAGE limits
LIMIT claim=not-a-bid
LIMIT claim=closes-no-csi-section
LIMIT claim=recognition-unqualified
LIMIT claim=snapshot-not-live-sync
LIMIT unknown-is-not-zero
LIMIT not-available-is-not-zero
LIMIT history-excluded-from-current-totals
LIMIT stale-stored-length-is-not-current
LIMIT no-windows-acceptance
LIMIT no-representative-project-acceptance
TEXT_END
exit:0
=== swift /tmp/heleos-evidence-pdf/links.swift /tmp/heleos-evidence-pdf/duct-current.pdf
page 1 action=Optional<PDFAction> destPage=goto pageIndex=5 annotDest=5
page 1 action=Optional<PDFAction> destPage=goto pageIndex=5 annotDest=5
exit:0
=== which pdftotext pdfinfo
pdftotext not found
pdfinfo not found
exit:1
=== qlmanage -t -s 1200 -o /tmp/heleos-evidence-pdf /tmp/heleos-evidence-pdf/duct-current.pdf
Testing Quick Look thumbnails with files:
	/tmp/heleos-evidence-pdf/duct-current.pdf
* /tmp/heleos-evidence-pdf/duct-current.pdf produced one thumbnail
Done producing thumbnails
exit:0
-rw-r--r--@ 1 bekim  wheel  50392 Sep 21 16:10 /tmp/heleos-evidence-pdf/duct-current.pdf.png
-rw-r--r--@ 1 bekim  wheel  50392 Sep 21 16:10 /tmp/heleos-evidence-pdf/duct-current.pdf.png
-rw-r--r--@ 1 bekim  wheel  25100 Sep 21 16:10 /tmp/heleos-evidence-pdf/pages/page-0.png
-rw-r--r--@ 1 bekim  wheel  20548 Sep 21 16:10 /tmp/heleos-evidence-pdf/pages/page-1.png
-rw-r--r--@ 1 bekim  wheel  12912 Sep 21 16:10 /tmp/heleos-evidence-pdf/pages/page-2.png
-rw-r--r--@ 1 bekim  wheel  12990 Sep 21 16:10 /tmp/heleos-evidence-pdf/pages/page-3.png
-rw-r--r--@ 1 bekim  wheel  12913 Sep 21 16:10 /tmp/heleos-evidence-pdf/pages/page-4.png
-rw-r--r--@ 1 bekim  wheel  24231 Sep 21 16:10 /tmp/heleos-evidence-pdf/pages/page-5.png
-rw-r--r--@ 1 bekim  wheel  17364 Sep 21 16:10 /tmp/heleos-evidence-pdf/pages/page-6.png
-rw-r--r--@ 1 bekim  wheel  21568 Sep 21 16:10 /tmp/heleos-evidence-pdf/pages/page-7.png
