   Compiling heleos-worker-protocol v0.1.0 (/Users/bekim/Heleos-spark/crates/heleos-worker-protocol)
    Finished `test` profile [unoptimized + debuginfo] target(s) in 0.36s
     Running unittests src/lib.rs (target/debug/deps/heleos_worker_protocol-4b068c089a83f52a)

running 0 tests

test result: ok. 0 passed; 0 failed; 0 ignored; 0 measured; 0 filtered out; finished in 0.00s

     Running unittests src/main.rs (target/debug/deps/heleos_worker_protocol-25fcfd6dc1f72388)

running 0 tests

test result: ok. 0 passed; 0 failed; 0 ignored; 0 measured; 0 filtered out; finished in 0.00s

     Running tests/cli.rs (target/debug/deps/cli-61194171373b919b)

running 5 tests
test rejects_oversized_documents_with_bounded_diagnostics ... ok
test acceptance_commands_and_input_paths_are_never_executed ... ok
test cli_internal_approval_validates_task_and_handoff_without_changing_default ... ok
test task_and_handoff_identities_are_stable_across_two_physical_roots ... ok
test rejects_invalid_files_mismatch_and_arguments_without_echoing_input ... ok

test result: ok. 5 passed; 0 failed; 0 ignored; 0 measured; 0 filtered out; finished in 0.22s

     Running tests/validation.rs (target/debug/deps/validation-9ef5759dbc028de6)

running 12 tests
test rejects_duplicate_json_keys_in_structs_and_instruction_map ... ok
test rejects_unknown_fields_at_each_task_level ... ok
test canonical_identity_ignores_object_order_and_whitespace ... ok
test rejects_missing_fields_wrong_types_trailing_json_and_oversized_input ... ok
test rejects_invalid_schema_ids_base_commits_objectives_and_instruction_hashes ... ok
test limits_and_acceptance_commands_are_bounded_and_nonzero ... ok
test internal_claude_approval_is_external_to_and_bound_to_exact_task_bytes ... ok
test completed_handoffs_require_successful_declared_checks_and_no_unresolved_items ... ok
test handoff_unknown_fields_duplicates_and_unbounded_text_fail_closed ... ok
test paths_are_sorted_unique_relative_and_portable ... ok
test handoff_binds_task_provider_and_exact_path_boundaries ... ok
test provider_mode_and_data_egress_policy_fail_closed ... ok

test result: ok. 12 passed; 0 failed; 0 ignored; 0 measured; 0 filtered out; finished in 0.00s

   Doc-tests heleos_worker_protocol

running 0 tests

test result: ok. 0 passed; 0 failed; 0 ignored; 0 measured; 0 filtered out; finished in 0.00s
